Hulmane US Stocks — data rebuild
Run at:  2026-05-28 23:55:35
Source:  /Volumes/Repos/Hulmane/vgvsre/hulmane-finance/com/hulmane/stocks/us/data/source
Output:  /Volumes/Repos/Hulmane/vgvsre/hulmane-finance/com/hulmane/stocks/us/data/formated

[etrade] -> etrade.csv
  SKIP  MS_2023_1099-CONS_MSSB_LLC_6829_20240212.pdf          0 rows  (not a CSV)
  SKIP  getSupplementalInformation.pdf                        0 rows  (not a CSV)
  OK    DownloadTxnHistory (1).csv                            3 rows  (skipped Qualified Dividend:3, Transfer:4)
  OK    DownloadTxnHistory.csv                               36 rows  (skipped Dividend:incomplete:5, Funds Transferred:1, Interest:3, Interest Income:6, Online Transfer:6, Qualified Dividend:27, Reorganization:1, Transfer:12)
  OK    tradesdownload (3).csv                                5 rows
  OK    tradesdownload (4).csv                               23 rows
  OK    tradesdownload (5).csv                                9 rows
  OK    tradesdownload (6).csv                                2 rows
  OK    tradesdownload (7).csv                                1 rows
  EMPTY tradesdownload (8).csv                                0 rows  (no Buy/Sell rows)
  => wrote etrade.csv : 62 rows (17 duplicates dropped)

[robinhood] -> robinhood.csv
  OK    robinhood-Hulmane-Individual-Jan 29, 2026 – May 27, 2026.csv     35 rows  (acct 632375721; skipped ACH:5, CDIV:10, ITRF:8)
  OK    robinhood-main-Individual-Jul 11, 2019 – May 27, 2026.csv   1137 rows  (acct 575947536; skipped ABIP:3, ACATI:12, ACH:160, CDIV:489, DFEE:5, DTAX:10, ITRF:10, RTP:4, SLIP:10)
  OK    robinhoodVMware-Individual-Feb 3, 2026 – May 27, 2026.csv      2 rows  (acct 756962569; skipped ABIP:1, ACH:1, CDIV:1, ITRF:2)
  => wrote robinhood.csv : 1174 rows

[fidelity] -> fidelity.csv
  SKIP  Accounts_History (1).csv                              0 rows  (not a Portfolio Positions export (transaction-history format not supported))
  SKIP  Accounts_History (2).csv                              0 rows  (not a Portfolio Positions export (transaction-history format not supported))
  SKIP  Accounts_History (3).csv                              0 rows  (not a Portfolio Positions export (transaction-history format not supported))
  SKIP  Accounts_History.csv                                  0 rows  (not a Portfolio Positions export (transaction-history format not supported))
  OK    Portfolio_Positions_May-28-2026 (1).csv              17 rows  (positions snapshot)
  OK    Portfolio_Positions_May-28-2026.csv                   5 rows  (positions snapshot)
  => wrote fidelity.csv : 22 rows

SUMMARY: 3 tags · 1258 rows · 12 files ok, 6 skipped, 0 errors
